Flow report for CPU
Wed Jan 24 01:47:00 2024
Quartus Prime Version 18.1.0 Build 625 09/12/2018 SJ Lite Edition


---------------------
; Table of Contents ;
---------------------
  1. Legal Notice
  2. Flow Summary
  3. Flow Settings
  4. Flow Non-Default Global Settings
  5. Flow Elapsed Time
  6. Flow OS Summary
  7. Flow Log
  8. Flow Messages
  9. Flow Suppressed Messages



----------------
; Legal Notice ;
----------------
Copyright (C) 2018  Intel Corporation. All rights reserved.
Your use of Intel Corporation's design tools, logic functions 
and other software and tools, and its AMPP partner logic 
functions, and any output files from any of the foregoing 
(including device programming or simulation files), and any 
associated documentation or information are expressly subject 
to the terms and conditions of the Intel Program License 
Subscription Agreement, the Intel Quartus Prime License Agreement,
the Intel FPGA IP License Agreement, or other applicable license
agreement, including, without limitation, that your use is for
the sole purpose of programming logic devices manufactured by
Intel and sold by Intel or its authorized distributors.  Please
refer to the applicable agreement for further details.



+----------------------------------------------------------------------------------+
; Flow Summary                                                                     ;
+------------------------------------+---------------------------------------------+
; Flow Status                        ; Successful - Wed Jan 24 01:47:00 2024       ;
; Quartus Prime Version              ; 18.1.0 Build 625 09/12/2018 SJ Lite Edition ;
; Revision Name                      ; CPU                                         ;
; Top-level Entity Name              ; CPU                                         ;
; Family                             ; MAX 10                                      ;
; Device                             ; 10M25SAE144C8G                              ;
; Timing Models                      ; Final                                       ;
; Total logic elements               ; 5,915 / 24,960 ( 24 % )                     ;
;     Total combinational functions  ; 3,926 / 24,960 ( 16 % )                     ;
;     Dedicated logic registers      ; 4,341 / 24,960 ( 17 % )                     ;
; Total registers                    ; 4341                                        ;
; Total pins                         ; 18 / 101 ( 18 % )                           ;
; Total virtual pins                 ; 0                                           ;
; Total memory bits                  ; 0 / 691,200 ( 0 % )                         ;
; Embedded Multiplier 9-bit elements ; 0 / 110 ( 0 % )                             ;
; Total PLLs                         ; 0 / 1 ( 0 % )                               ;
; UFM blocks                         ; 0 / 1 ( 0 % )                               ;
; ADC blocks                         ; 0 / 1 ( 0 % )                               ;
+------------------------------------+---------------------------------------------+


+-----------------------------------------+
; Flow Settings                           ;
+-------------------+---------------------+
; Option            ; Setting             ;
+-------------------+---------------------+
; Start date & time ; 01/24/2024 01:43:39 ;
; Main task         ; Compilation         ;
; Revision Name     ; CPU                 ;
+-------------------+---------------------+


+--------------------------------------------------------------------------------------------------------------------------------+
; Flow Non-Default Global Settings                                                                                               ;
+--------------------------------------+----------------------------------------+---------------+-------------+------------------+
; Assignment Name                      ; Value                                  ; Default Value ; Entity Name ; Section Id       ;
+--------------------------------------+----------------------------------------+---------------+-------------+------------------+
; COMPILER_SIGNATURE_ID                ; 1096415463609.170604081936652          ; --            ; --          ; --               ;
; EDA_DESIGN_INSTANCE_NAME             ; dut_instance                           ; --            ; --          ; tb_Reg16BIT.vhdl ;
; EDA_DESIGN_INSTANCE_NAME             ; NA                                     ; --            ; --          ; tb_Memory.vhdl   ;
; EDA_DESIGN_INSTANCE_NAME             ; NA                                     ; --            ; --          ; tb_CPU.vhdl      ;
; EDA_DESIGN_INSTANCE_NAME             ; dut_instance                           ; --            ; --          ; tb_ALU.vhdl      ;
; EDA_DESIGN_INSTANCE_NAME             ; NA                                     ; --            ; --          ; tb_RegFile.vhdl  ;
; EDA_NATIVELINK_SIMULATION_TEST_BENCH ; tb_CPU.vhdl                            ; --            ; --          ; eda_simulation   ;
; EDA_OUTPUT_DATA_FORMAT               ; Vhdl                                   ; --            ; --          ; eda_simulation   ;
; EDA_SIMULATION_TOOL                  ; ModelSim-Altera (VHDL)                 ; <None>        ; --          ; --               ;
; EDA_TEST_BENCH_ENABLE_STATUS         ; TEST_BENCH_MODE                        ; --            ; --          ; eda_simulation   ;
; EDA_TEST_BENCH_FILE                  ; Reg_16BIT.vhdl                         ; --            ; --          ; tb_Reg16BIT.vhdl ;
; EDA_TEST_BENCH_FILE                  ; DUT_Reg16BIT.vhdl                      ; --            ; --          ; tb_Reg16BIT.vhdl ;
; EDA_TEST_BENCH_FILE                  ; tb_Reg16BIT.vhdl                       ; --            ; --          ; tb_Reg16BIT.vhdl ;
; EDA_TEST_BENCH_FILE                  ; TRACEFILE_Reg16BIT.txt                 ; --            ; --          ; tb_Reg16BIT.vhdl ;
; EDA_TEST_BENCH_FILE                  ; Memory.vhdl                            ; --            ; --          ; tb_Memory.vhdl   ;
; EDA_TEST_BENCH_FILE                  ; tb_Memory.vhdl                         ; --            ; --          ; tb_Memory.vhdl   ;
; EDA_TEST_BENCH_FILE                  ; tb_CPU.vhdl                            ; --            ; --          ; tb_CPU.vhdl      ;
; EDA_TEST_BENCH_FILE                  ; CPU.vhdl                               ; --            ; --          ; tb_CPU.vhdl      ;
; EDA_TEST_BENCH_FILE                  ; ALU.vhdl                               ; --            ; --          ; tb_ALU.vhdl      ;
; EDA_TEST_BENCH_FILE                  ; DUT_ALU.vhdl                           ; --            ; --          ; tb_ALU.vhdl      ;
; EDA_TEST_BENCH_FILE                  ; tb_ALU.vhdl                            ; --            ; --          ; tb_ALU.vhdl      ;
; EDA_TEST_BENCH_FILE                  ; TRACEFILE_ALU.txt                      ; --            ; --          ; tb_ALU.vhdl      ;
; EDA_TEST_BENCH_FILE                  ; Reg_File.vhdl                          ; --            ; --          ; tb_RegFile.vhdl  ;
; EDA_TEST_BENCH_FILE                  ; tb_RegFile.vhdl                        ; --            ; --          ; tb_RegFile.vhdl  ;
; EDA_TEST_BENCH_MODULE_NAME           ; tb_Reg16BIT                            ; --            ; --          ; tb_Reg16BIT.vhdl ;
; EDA_TEST_BENCH_MODULE_NAME           ; tb_Memory                              ; --            ; --          ; tb_Memory.vhdl   ;
; EDA_TEST_BENCH_MODULE_NAME           ; tb_CPU                                 ; --            ; --          ; tb_CPU.vhdl      ;
; EDA_TEST_BENCH_MODULE_NAME           ; tb_ALU                                 ; --            ; --          ; tb_ALU.vhdl      ;
; EDA_TEST_BENCH_MODULE_NAME           ; tb_RegFile                             ; --            ; --          ; tb_RegFile.vhdl  ;
; EDA_TEST_BENCH_NAME                  ; tb_CPU.vhdl                            ; --            ; --          ; eda_simulation   ;
; EDA_TEST_BENCH_NAME                  ; tb_ALU.vhdl                            ; --            ; --          ; eda_simulation   ;
; EDA_TEST_BENCH_NAME                  ; tb_Reg16BIT.vhdl                       ; --            ; --          ; eda_simulation   ;
; EDA_TEST_BENCH_NAME                  ; tb_RegFile.vhdl                        ; --            ; --          ; eda_simulation   ;
; EDA_TEST_BENCH_NAME                  ; tb_Memory.vhdl                         ; --            ; --          ; eda_simulation   ;
; EDA_TIME_SCALE                       ; 1 ps                                   ; --            ; --          ; eda_simulation   ;
; FLOW_ENABLE_POWER_ANALYZER           ; On                                     ; Off           ; --          ; --               ;
; MAX_CORE_JUNCTION_TEMP               ; 85                                     ; --            ; --          ; --               ;
; MIN_CORE_JUNCTION_TEMP               ; 0                                      ; --            ; --          ; --               ;
; PARTITION_COLOR                      ; -- (Not supported for targeted family) ; --            ; --          ; Top              ;
; PARTITION_FITTER_PRESERVATION_LEVEL  ; -- (Not supported for targeted family) ; --            ; --          ; Top              ;
; PARTITION_NETLIST_TYPE               ; -- (Not supported for targeted family) ; --            ; --          ; Top              ;
; POWER_BOARD_THERMAL_MODEL            ; None (CONSERVATIVE)                    ; --            ; --          ; --               ;
; POWER_DEFAULT_INPUT_IO_TOGGLE_RATE   ; 12.5 %                                 ; 12.5%         ; --          ; --               ;
; POWER_PRESET_COOLING_SOLUTION        ; 23 MM HEAT SINK WITH 200 LFPM AIRFLOW  ; --            ; --          ; --               ;
; PROJECT_OUTPUT_DIRECTORY             ; output_files                           ; --            ; --          ; --               ;
+--------------------------------------+----------------------------------------+---------------+-------------+------------------+


+--------------------------------------------------------------------------------------------------------------------------+
; Flow Elapsed Time                                                                                                        ;
+----------------------+--------------+-------------------------+---------------------+------------------------------------+
; Module Name          ; Elapsed Time ; Average Processors Used ; Peak Virtual Memory ; Total CPU Time (on all processors) ;
+----------------------+--------------+-------------------------+---------------------+------------------------------------+
; Analysis & Synthesis ; 00:00:18     ; 1.0                     ; 4896 MB             ; 00:00:18                           ;
; Fitter               ; 00:02:44     ; 1.4                     ; 6643 MB             ; 00:03:15                           ;
; Assembler            ; 00:00:02     ; 1.0                     ; 4708 MB             ; 00:00:02                           ;
; Power Analyzer       ; 00:00:05     ; 4.0                     ; 5042 MB             ; 00:00:16                           ;
; Timing Analyzer      ; 00:00:05     ; 5.1                     ; 4996 MB             ; 00:00:15                           ;
; EDA Netlist Writer   ; 00:00:01     ; 1.0                     ; 4697 MB             ; 00:00:01                           ;
; Total                ; 00:03:15     ; --                      ; --                  ; 00:04:07                           ;
+----------------------+--------------+-------------------------+---------------------+------------------------------------+


+------------------------------------------------------------------------------------+
; Flow OS Summary                                                                    ;
+----------------------+------------------+------------+------------+----------------+
; Module Name          ; Machine Hostname ; OS Name    ; OS Version ; Processor type ;
+----------------------+------------------+------------+------------+----------------+
; Analysis & Synthesis ; DESKTOP-QQSR5LJ  ; Windows 10 ; 10.0       ; x86_64         ;
; Fitter               ; DESKTOP-QQSR5LJ  ; Windows 10 ; 10.0       ; x86_64         ;
; Assembler            ; DESKTOP-QQSR5LJ  ; Windows 10 ; 10.0       ; x86_64         ;
; Power Analyzer       ; DESKTOP-QQSR5LJ  ; Windows 10 ; 10.0       ; x86_64         ;
; Timing Analyzer      ; DESKTOP-QQSR5LJ  ; Windows 10 ; 10.0       ; x86_64         ;
; EDA Netlist Writer   ; DESKTOP-QQSR5LJ  ; Windows 10 ; 10.0       ; x86_64         ;
+----------------------+------------------+------------+------------+----------------+


------------
; Flow Log ;
------------
quartus_map --read_settings_files=on --write_settings_files=off IITB_CPU -c CPU
quartus_fit --read_settings_files=off --write_settings_files=off IITB_CPU -c CPU
quartus_asm --read_settings_files=off --write_settings_files=off IITB_CPU -c CPU
quartus_pow --read_settings_files=off --write_settings_files=off IITB_CPU -c CPU
quartus_sta IITB_CPU -c CPU
quartus_eda --read_settings_files=off --write_settings_files=off IITB_CPU -c CPU



